[0.189s] [34mcolcon[0m [1;30mDEBUG[0m [32mCommand line arguments: ['/Users/carlosgaratemartin-ondarza/anaconda3/envs/ROS2/bin/colcon', 'build'][0m
[0.189s] [34mcolcon[0m [1;30mDEBUG[0m [32mParsed command line arguments: Namespace(log_base=None, log_level=None, verb_name='build', build_base='build', install_base='install', merge_install=False, symlink_install=False, test_result_base=None, continue_on_error=False, executor='parallel', parallel_workers=8, event_handlers=None, ignore_user_meta=False, metas=['./colcon.meta'], base_paths=['.'], packages_ignore=None, packages_ignore_regex=None, paths=None, packages_up_to=None, packages_up_to_regex=None, packages_above=None, packages_above_and_dependencies=None, packages_above_depth=None, packages_select_by_dep=None, packages_skip_by_dep=None, packages_skip_up_to=None, packages_select_build_failed=False, packages_skip_build_finished=False, packages_select_test_failures=False, packages_skip_test_passed=False, packages_select=None, packages_skip=None, packages_select_regex=None, packages_skip_regex=None, packages_start=None, packages_end=None, cmake_args=None, cmake_target=None, cmake_target_skip_unavailable=False, cmake_clean_cache=False, cmake_clean_first=False, cmake_force_configure=False, ament_cmake_args=None, catkin_cmake_args=None, catkin_skip_building_tests=False, verb_parser=<colcon_defaults.argument_parser.defaults.DefaultArgumentsDecorator object at 0x100edc050>, verb_extension=<colcon_core.verb.build.BuildVerb object at 0x101b74410>, main=<bound method BuildVerb.main of <colcon_core.verb.build.BuildVerb object at 0x101b74410>>)[0m
[0.244s] [34mcolcon.colcon_core.package_discovery[0m [1;30mLevel 1[0m discover_packages(colcon_meta) check parameters
[0.244s] [34mcolcon.colcon_core.package_discovery[0m [1;30mLevel 1[0m discover_packages(recursive) check parameters
[0.244s] [34mcolcon.colcon_core.package_discovery[0m [1;30mLevel 1[0m discover_packages(ignore) check parameters
[0.245s] [34mcolcon.colcon_core.package_discovery[0m [1;30mLevel 1[0m discover_packages(path) check parameters
[0.245s] [34mcolcon.colcon_core.package_discovery[0m [1;30mLevel 1[0m discover_packages(colcon_meta) discover
[0.245s] [34mcolcon.colcon_core.package_discovery[0m [1;30mLevel 1[0m discover_packages(recursive) discover
[0.245s] [34mcolcon.colcon_core.package_discovery[0m [1;30mINFO[0m Crawling recursively for packages in '/Users/carlosgaratemartin-ondarza/ros2_crystal/control_gui'
[0.245s] [34mcolcon.colcon_core.package_identification[0m [1;30mLevel 1[0m _identify(.) by extensions ['ignore', 'ignore_ament_install']
[0.245s] [34mcolcon.colcon_core.package_identification[0m [1;30mLevel 1[0m _identify(.) by extension 'ignore'
[0.245s] [34mcolcon.colcon_core.package_identification[0m [1;30mLevel 1[0m _identify(.) by extension 'ignore_ament_install'
[0.245s] [34mcolcon.colcon_core.package_identification[0m [1;30mLevel 1[0m _identify(.) by extensions ['colcon_pkg']
[0.245s] [34mcolcon.colcon_core.package_identification[0m [1;30mLevel 1[0m _identify(.) by extension 'colcon_pkg'
[0.245s] [34mcolcon.colcon_core.package_identification[0m [1;30mLevel 1[0m _identify(.) by extensions ['colcon_meta']
[0.245s] [34mcolcon.colcon_core.package_identification[0m [1;30mLevel 1[0m _identify(.) by extension 'colcon_meta'
[0.245s] [34mcolcon.colcon_core.package_identification[0m [1;30mLevel 1[0m _identify(.) by extensions ['ros']
[0.245s] [34mcolcon.colcon_core.package_identification[0m [1;30mLevel 1[0m _identify(.) by extension 'ros'
[0.278s] [34mcolcon.colcon_core.package_identification[0m [1;30mDEBUG[0m [32mFound ROS schema reference in package manifest in '.'[0m
[0.278s] [34mcolcon.colcon_core.package_identification[0m [1;30mWARNING[0m [33mFailed to parse ROS package manifest in '.': Error(s) in package './package.xml':
Invalid email "“202306901@alu.comillas.edu”" for person "carlosgaratemartin-ondarza"[0m
[0.278s] [34mcolcon.colcon_core.package_identification[0m [1;30mLevel 1[0m _identify(.) by extensions ['cmake', 'python']
[0.278s] [34mcolcon.colcon_core.package_identification[0m [1;30mLevel 1[0m _identify(.) by extension 'cmake'
[0.278s] [34mcolcon.colcon_core.package_identification[0m [1;30mLevel 1[0m _identify(.) by extension 'python'
[0.278s] [34mcolcon.colcon_core.package_identification[0m [1;30mDEBUG[0m [32mPython package in '.' passes arguments to the setup() function which requires a different identification extension than 'python'[0m
[0.278s] [34mcolcon.colcon_core.package_identification[0m [1;30mLevel 1[0m _identify(.) by extensions ['python_setup_py']
[0.278s] [34mcolcon.colcon_core.package_identification[0m [1;30mLevel 1[0m _identify(.) by extension 'python_setup_py'
[0.431s] [34mcolcon.colcon_core.package_identification[0m [1;30mDEBUG[0m [32mPackage '.' with type 'python' and name 'control_gui'[0m
[0.431s] [34mcolcon.colcon_core.package_discovery[0m [1;30mLevel 1[0m discover_packages(recursive) using defaults
[0.431s] [34mcolcon.colcon_core.package_discovery[0m [1;30mLevel 1[0m discover_packages(ignore) discover
[0.431s] [34mcolcon.colcon_core.package_discovery[0m [1;30mLevel 1[0m discover_packages(ignore) using defaults
[0.432s] [34mcolcon.colcon_core.package_discovery[0m [1;30mLevel 1[0m discover_packages(path) discover
[0.432s] [34mcolcon.colcon_core.package_discovery[0m [1;30mLevel 1[0m discover_packages(path) using defaults
[0.448s] [34mcolcon.colcon_core.verb[0m [1;30mLevel 5[0m set package 'control_gui' build argument 'cmake_args' from command line to 'None'
[0.448s] [34mcolcon.colcon_core.verb[0m [1;30mLevel 5[0m set package 'control_gui' build argument 'cmake_target' from command line to 'None'
[0.448s] [34mcolcon.colcon_core.verb[0m [1;30mLevel 5[0m set package 'control_gui' build argument 'cmake_target_skip_unavailable' from command line to 'False'
[0.448s] [34mcolcon.colcon_core.verb[0m [1;30mLevel 5[0m set package 'control_gui' build argument 'cmake_clean_cache' from command line to 'False'
[0.448s] [34mcolcon.colcon_core.verb[0m [1;30mLevel 5[0m set package 'control_gui' build argument 'cmake_clean_first' from command line to 'False'
[0.448s] [34mcolcon.colcon_core.verb[0m [1;30mLevel 5[0m set package 'control_gui' build argument 'cmake_force_configure' from command line to 'False'
[0.448s] [34mcolcon.colcon_core.verb[0m [1;30mLevel 5[0m set package 'control_gui' build argument 'ament_cmake_args' from command line to 'None'
[0.448s] [34mcolcon.colcon_core.verb[0m [1;30mLevel 5[0m set package 'control_gui' build argument 'catkin_cmake_args' from command line to 'None'
[0.448s] [34mcolcon.colcon_core.verb[0m [1;30mLevel 5[0m set package 'control_gui' build argument 'catkin_skip_building_tests' from command line to 'False'
[0.448s] [34mcolcon.colcon_core.verb[0m [1;30mDEBUG[0m [32mBuilding package 'control_gui' with the following arguments: {'ament_cmake_args': None, 'build_base': '/Users/carlosgaratemartin-ondarza/ros2_crystal/control_gui/build/control_gui', 'catkin_cmake_args': None, 'catkin_skip_building_tests': False, 'cmake_args': None, 'cmake_clean_cache': False, 'cmake_clean_first': False, 'cmake_force_configure': False, 'cmake_target': None, 'cmake_target_skip_unavailable': False, 'install_base': '/Users/carlosgaratemartin-ondarza/ros2_crystal/control_gui/install/control_gui', 'merge_install': False, 'path': '/Users/carlosgaratemartin-ondarza/ros2_crystal/control_gui', 'symlink_install': False, 'test_result_base': None}[0m
[0.448s] [34mcolcon.colcon_core.executor[0m [1;30mINFO[0m Executing jobs using 'parallel' executor
[0.449s] [34mcolcon.colcon_parallel_executor.executor.parallel[0m [1;30mDEBUG[0m [32mrun_until_complete[0m
[0.449s] [34mcolcon.colcon_core.task.python.build[0m [1;30mINFO[0m Building Python package in '/Users/carlosgaratemartin-ondarza/ros2_crystal/control_gui'
[0.451s] [34mcolcon.colcon_core.plugin_system[0m [1;30mINFO[0m Skipping extension 'colcon_core.shell.bat': Not used on non-Windows systems
[0.451s] [34mcolcon.colcon_core.shell[0m [1;30mINFO[0m Skip shell extension 'powershell' for command environment: Not usable outside of PowerShell
[0.451s] [34mcolcon.colcon_core.shell[0m [1;30mDEBUG[0m [32mSkip shell extension 'dsv' for command environment[0m
[0.452s] [34mcolcon.colcon_ros.prefix_path.ament[0m [1;30mWARNING[0m [33mThe path '/Users/carlosgaratemartin-ondarza/ros2_crystal/control_gui/install/control_gui' in the environment variable AMENT_PREFIX_PATH doesn't exist[0m
[1.133s] [34mcolcon.colcon_core.event_handler.log_command[0m [1;30mDEBUG[0m [32mInvoking command in '/Users/carlosgaratemartin-ondarza/ros2_crystal/control_gui': CONDA_PROMPT_MODIFIER=(ROS2) PYTHONPATH=/Users/carlosgaratemartin-ondarza/ros2_crystal/control_gui/build/control_gui/prefix_override:/Users/carlosgaratemartin-ondarza/anaconda3/envs/ROS2/lib/python3.11/site-packages/colcon_core/task/python/colcon_distutils_commands:/Users/carlosgaratemartin-ondarza/ros2_crystal/control_gui/install/control_gui/lib/python3.11/site-packages:${PYTHONPATH} SHLVL=2 _=/usr/bin/env __CF_USER_TEXT_ENCODING=0x1F5:0x0:0x8 /Users/carlosgaratemartin-ondarza/anaconda3/envs/ROS2/bin/python3.11 -W ignore:setup.py install is deprecated -W ignore:easy_install command is deprecated setup.py egg_info --egg-base build/control_gui build --build-base /Users/carlosgaratemartin-ondarza/ros2_crystal/control_gui/build/control_gui/build install --record /Users/carlosgaratemartin-ondarza/ros2_crystal/control_gui/build/control_gui/install.log --single-version-externally-managed install_data[0m
[1.705s] [34mcolcon.colcon_core.event_handler.log_command[0m [1;30mDEBUG[0m [32mInvoked command in '/Users/carlosgaratemartin-ondarza/ros2_crystal/control_gui' returned '0': CONDA_PROMPT_MODIFIER=(ROS2) PYTHONPATH=/Users/carlosgaratemartin-ondarza/ros2_crystal/control_gui/build/control_gui/prefix_override:/Users/carlosgaratemartin-ondarza/anaconda3/envs/ROS2/lib/python3.11/site-packages/colcon_core/task/python/colcon_distutils_commands:/Users/carlosgaratemartin-ondarza/ros2_crystal/control_gui/install/control_gui/lib/python3.11/site-packages:${PYTHONPATH} SHLVL=2 _=/usr/bin/env __CF_USER_TEXT_ENCODING=0x1F5:0x0:0x8 /Users/carlosgaratemartin-ondarza/anaconda3/envs/ROS2/bin/python3.11 -W ignore:setup.py install is deprecated -W ignore:easy_install command is deprecated setup.py egg_info --egg-base build/control_gui build --build-base /Users/carlosgaratemartin-ondarza/ros2_crystal/control_gui/build/control_gui/build install --record /Users/carlosgaratemartin-ondarza/ros2_crystal/control_gui/build/control_gui/install.log --single-version-externally-managed install_data[0m
[1.712s] [34mcolcon.colcon_core.environment[0m [1;30mLevel 1[0m checking '/Users/carlosgaratemartin-ondarza/ros2_crystal/control_gui/install/control_gui' for CMake module files
[1.713s] [34mcolcon.colcon_core.environment[0m [1;30mLevel 1[0m checking '/Users/carlosgaratemartin-ondarza/ros2_crystal/control_gui/install/control_gui' for CMake config files
[1.717s] [34mcolcon.colcon_core.environment[0m [1;30mLevel 1[0m checking '/Users/carlosgaratemartin-ondarza/ros2_crystal/control_gui/install/control_gui/lib'
[1.717s] [34mcolcon.colcon_core.environment[0m [1;30mLevel 1[0m checking '/Users/carlosgaratemartin-ondarza/ros2_crystal/control_gui/install/control_gui/bin'
[1.717s] [34mcolcon.colcon_core.environment[0m [1;30mLevel 1[0m checking '/Users/carlosgaratemartin-ondarza/ros2_crystal/control_gui/install/control_gui/lib/pkgconfig/control_gui.pc'
[1.718s] [34mcolcon.colcon_core.environment[0m [1;30mLevel 1[0m checking '/Users/carlosgaratemartin-ondarza/ros2_crystal/control_gui/install/control_gui/lib/python3.11/site-packages'
[1.718s] [34mcolcon.colcon_core.shell[0m [1;30mLevel 1[0m create_environment_hook('control_gui', 'pythonpath')
[1.718s] [34mcolcon.colcon_core.shell[0m [1;30mINFO[0m Creating environment hook '/Users/carlosgaratemartin-ondarza/ros2_crystal/control_gui/install/control_gui/share/control_gui/hook/pythonpath.ps1'
[1.719s] [34mcolcon.colcon_core.shell[0m [1;30mINFO[0m Creating environment descriptor '/Users/carlosgaratemartin-ondarza/ros2_crystal/control_gui/install/control_gui/share/control_gui/hook/pythonpath.dsv'
[1.720s] [34mcolcon.colcon_core.shell[0m [1;30mINFO[0m Creating environment hook '/Users/carlosgaratemartin-ondarza/ros2_crystal/control_gui/install/control_gui/share/control_gui/hook/pythonpath.sh'
[1.721s] [34mcolcon.colcon_core.environment[0m [1;30mLevel 1[0m checking '/Users/carlosgaratemartin-ondarza/ros2_crystal/control_gui/install/control_gui/bin'
[1.721s] [34mcolcon.colcon_core.environment[0m [1;30mLevel 1[0m create_environment_scripts_only(control_gui)
[1.721s] [34mcolcon.colcon_core.shell[0m [1;30mINFO[0m Creating package script '/Users/carlosgaratemartin-ondarza/ros2_crystal/control_gui/install/control_gui/share/control_gui/package.ps1'
[1.722s] [34mcolcon.colcon_core.shell[0m [1;30mINFO[0m Creating package descriptor '/Users/carlosgaratemartin-ondarza/ros2_crystal/control_gui/install/control_gui/share/control_gui/package.dsv'
[1.722s] [34mcolcon.colcon_core.shell[0m [1;30mINFO[0m Creating package script '/Users/carlosgaratemartin-ondarza/ros2_crystal/control_gui/install/control_gui/share/control_gui/package.sh'
[1.723s] [34mcolcon.colcon_core.shell[0m [1;30mINFO[0m Creating package script '/Users/carlosgaratemartin-ondarza/ros2_crystal/control_gui/install/control_gui/share/control_gui/package.bash'
[1.724s] [34mcolcon.colcon_core.shell[0m [1;30mINFO[0m Creating package script '/Users/carlosgaratemartin-ondarza/ros2_crystal/control_gui/install/control_gui/share/control_gui/package.zsh'
[1.725s] [34mcolcon.colcon_core.environment[0m [1;30mLevel 1[0m create_file_with_runtime_dependencies(/Users/carlosgaratemartin-ondarza/ros2_crystal/control_gui/install/control_gui/share/colcon-core/packages/control_gui)
[1.726s] [34mcolcon.colcon_parallel_executor.executor.parallel[0m [1;30mDEBUG[0m [32mclosing loop[0m
[1.726s] [34mcolcon.colcon_parallel_executor.executor.parallel[0m [1;30mDEBUG[0m [32mloop closed[0m
[1.726s] [34mcolcon.colcon_parallel_executor.executor.parallel[0m [1;30mDEBUG[0m [32mrun_until_complete finished with '0'[0m
[1.726s] [34mcolcon.colcon_core.event_reactor[0m [1;30mDEBUG[0m [32mjoining thread[0m
[1.726s] [34mcolcon.colcon_core.event_reactor[0m [1;30mDEBUG[0m [32mjoined thread[0m
[1.726s] [34mcolcon.colcon_core.shell[0m [1;30mINFO[0m Creating prefix script '/Users/carlosgaratemartin-ondarza/ros2_crystal/control_gui/install/local_setup.ps1'
[1.728s] [34mcolcon.colcon_core.shell[0m [1;30mINFO[0m Creating prefix util module '/Users/carlosgaratemartin-ondarza/ros2_crystal/control_gui/install/_local_setup_util_ps1.py'
[1.729s] [34mcolcon.colcon_core.shell[0m [1;30mINFO[0m Creating prefix chain script '/Users/carlosgaratemartin-ondarza/ros2_crystal/control_gui/install/setup.ps1'
[1.731s] [34mcolcon.colcon_core.shell[0m [1;30mINFO[0m Creating prefix script '/Users/carlosgaratemartin-ondarza/ros2_crystal/control_gui/install/local_setup.sh'
[1.731s] [34mcolcon.colcon_core.shell[0m [1;30mINFO[0m Creating prefix util module '/Users/carlosgaratemartin-ondarza/ros2_crystal/control_gui/install/_local_setup_util_sh.py'
[1.732s] [34mcolcon.colcon_core.shell[0m [1;30mINFO[0m Creating prefix chain script '/Users/carlosgaratemartin-ondarza/ros2_crystal/control_gui/install/setup.sh'
[1.734s] [34mcolcon.colcon_core.shell[0m [1;30mINFO[0m Creating prefix script '/Users/carlosgaratemartin-ondarza/ros2_crystal/control_gui/install/local_setup.bash'
[1.734s] [34mcolcon.colcon_core.shell[0m [1;30mINFO[0m Creating prefix chain script '/Users/carlosgaratemartin-ondarza/ros2_crystal/control_gui/install/setup.bash'
[1.736s] [34mcolcon.colcon_core.shell[0m [1;30mINFO[0m Creating prefix script '/Users/carlosgaratemartin-ondarza/ros2_crystal/control_gui/install/local_setup.zsh'
[1.737s] [34mcolcon.colcon_core.shell[0m [1;30mINFO[0m Creating prefix chain script '/Users/carlosgaratemartin-ondarza/ros2_crystal/control_gui/install/setup.zsh'
