/Users/carlosgaratemartin-ondarza/anaconda3/envs/ROS2/lib/python3.11/site-packages/setuptools/_distutils/dist.py:287: UserWarning: Unknown distribution option: 'tests_require'
  warnings.warn(msg)
running egg_info
creating build/control_gui/control_gui.egg-info
writing build/control_gui/control_gui.egg-info/PKG-INFO
writing dependency_links to build/control_gui/control_gui.egg-info/dependency_links.txt
writing entry points to build/control_gui/control_gui.egg-info/entry_points.txt
writing requirements to build/control_gui/control_gui.egg-info/requires.txt
writing top-level names to build/control_gui/control_gui.egg-info/top_level.txt
writing manifest file 'build/control_gui/control_gui.egg-info/SOURCES.txt'
reading manifest file 'build/control_gui/control_gui.egg-info/SOURCES.txt'
writing manifest file 'build/control_gui/control_gui.egg-info/SOURCES.txt'
running build
running build_py
creating /Users/carlosgaratemartin-ondarza/ros2_crystal/control_gui/build/control_gui/build/lib/control_gui
copying control_gui/__init__.py -> /Users/carlosgaratemartin-ondarza/ros2_crystal/control_gui/build/control_gui/build/lib/control_gui
copying control_gui/control_gui.py -> /Users/carlosgaratemartin-ondarza/ros2_crystal/control_gui/build/control_gui/build/lib/control_gui
running install
running install_lib
creating /Users/carlosgaratemartin-ondarza/ros2_crystal/control_gui/install/control_gui/lib/python3.11/site-packages/control_gui
copying /Users/carlosgaratemartin-ondarza/ros2_crystal/control_gui/build/control_gui/build/lib/control_gui/__init__.py -> /Users/carlosgaratemartin-ondarza/ros2_crystal/control_gui/install/control_gui/lib/python3.11/site-packages/control_gui
copying /Users/carlosgaratemartin-ondarza/ros2_crystal/control_gui/build/control_gui/build/lib/control_gui/control_gui.py -> /Users/carlosgaratemartin-ondarza/ros2_crystal/control_gui/install/control_gui/lib/python3.11/site-packages/control_gui
byte-compiling /Users/carlosgaratemartin-ondarza/ros2_crystal/control_gui/install/control_gui/lib/python3.11/site-packages/control_gui/__init__.py to __init__.cpython-311.pyc
byte-compiling /Users/carlosgaratemartin-ondarza/ros2_crystal/control_gui/install/control_gui/lib/python3.11/site-packages/control_gui/control_gui.py to control_gui.cpython-311.pyc
running install_data
creating /Users/carlosgaratemartin-ondarza/ros2_crystal/control_gui/install/control_gui/share/ament_index/resource_index/packages
copying resource/control_gui -> /Users/carlosgaratemartin-ondarza/ros2_crystal/control_gui/install/control_gui/share/ament_index/resource_index/packages
creating /Users/carlosgaratemartin-ondarza/ros2_crystal/control_gui/install/control_gui/share/control_gui
copying package.xml -> /Users/carlosgaratemartin-ondarza/ros2_crystal/control_gui/install/control_gui/share/control_gui
running install_egg_info
Copying build/control_gui/control_gui.egg-info to /Users/carlosgaratemartin-ondarza/ros2_crystal/control_gui/install/control_gui/lib/python3.11/site-packages/control_gui-0.0.0-py3.11.egg-info
running install_scripts
Installing fake_and_gay script to /Users/carlosgaratemartin-ondarza/ros2_crystal/control_gui/install/control_gui/lib/control_gui
writing list of installed files to '/Users/carlosgaratemartin-ondarza/ros2_crystal/control_gui/build/control_gui/install.log'
